go : # github.com/sawad
ym-stack/barca-store-cl
ean/cmd/barca-store
At line:1 char:1
+ go build ./... > 
build_errors.txt 2>&1
+ ~~~~~~~~~~~~~~~~~~~~~
~~~~~~~~~~~~~~~~~
    + CategoryInfo     
         : NotSpecifi  
  ed: (# github.com/   
 sa...cmd/barca-sto    
re:String) [], Rem    
oteException
    + FullyQualifiedEr 
   rorId : NativeComm  
  andError
 
cmd\barca-store\main.go
:20:21: undefined: 
config.Load
