go : # github.com/sawad
ym-stack/barca-store-cl
ean/internal/usecase/us
er_test [github.com/saw
adym-stack/barca-store-
clean/internal/usecase/
user.test]
At line:1 char:1
+ go test -v ./... > 
test_output.txt 2>&1
+ ~~~~~~~~~~~~~~~~~~~~~
~~~~~~~~~~~~~~~~~~
    + CategoryInfo     
         : 
NotSpecified    : (# 
github.com/sa.    
..case/user.test]:S    
tring) [], RemoteEx    
ception
    + 
FullyQualifiedErr    
orId : NativeComman    
dError
 
internal\usecase\user\i
nteractor_test.go:38:27
: cannot use repo 
(variable of type 
*mockUserRepo) as 
ports.UserRepository 
value in argument to 
user.NewInteractor: 
*mockUserRepo does not 
implement 
ports.UserRepository 
(missing method 
BlockUser)
internal\usecase\user\i
nteractor_test.go:51:11
: assignment mismatch: 
1 variable but 
uc.Register returns 2 
values
internal\usecase\user\i
nteractor_test.go:51:33
: too many arguments 
in call to uc.Register
	have (string, string, 
string)
	want 
(user.RegisterInput)
# github.com/sawadym-st
ack/barca-store-clean/i
nternal/usecase/cart_te
st [github.com/sawadym-
stack/barca-store-clean
/internal/usecase/cart.
test]
internal\usecase\cart\i
nteractor_test.go:4:2: 
"errors" imported and 
not used
internal\usecase\cart\i
nteractor_test.go:64:61
: cannot use 
productRepo (variable 
of type 
*mockProductRepo) as po
rts.ProductRepository 
value in argument to 
cart.NewInteractor: 
*mockProductRepo does 
not implement ports.Pro
ductRepository 
(missing method Create)
internal\usecase\cart\i
nteractor_test.go:80:61
: cannot use 
productRepo (variable 
of type 
*mockProductRepo) as po
rts.ProductRepository 
value in argument to 
cart.NewInteractor: 
*mockProductRepo does 
not implement ports.Pro
ductRepository 
(missing method Create)
# github.com/sawadym-st
ack/barca-store-clean/i
nternal/usecase/product
_test [github.com/sawad
ym-stack/barca-store-cl
ean/internal/usecase/pr
oduct.test]
internal\usecase\produc
t\interactor_test.go:32
:30: cannot use repo 
(variable of type 
*mockProductRepo) as po
rts.ProductRepository 
value in argument to 
product.NewInteractor: 
*mockProductRepo does 
not implement ports.Pro
ductRepository 
(missing method Delete)
internal\usecase\produc
t\interactor_test.go:35
:9: assignment 
mismatch: 1 variable 
but uc.CreateProduct 
returns 2 values
internal\usecase\produc
t\interactor_test.go:35
:26: cannot use p 
(variable of type 
*entities.Product) as p
roduct.CreateProductInp
ut value in argument 
to uc.CreateProduct
internal\usecase\produc
t\interactor_test.go:40
:8: assignment 
mismatch: 1 variable 
but uc.CreateProduct 
returns 2 values
internal\usecase\produc
t\interactor_test.go:40
:25: cannot use p 
(variable of type 
*entities.Product) as p
roduct.CreateProductInp
ut value in argument 
to uc.CreateProduct
?   	github.com/sawadym-stack/barca-store-clean/cmd/barca-store	[no test files]
?   	github.com/sawadym-stack/barca-store-clean/internal/domain/entities	[no test files]
?   	github.com/sawadym-stack/barca-store-clean/internal/domain/ports	[no test files]
?   	github.com/sawadym-stack/barca-store-clean/internal/middleware	[no test files]
?   	github.com/sawadym-stack/barca-store-clean/internal/migration	[no test files]
?   	github.com/sawadym-stack/barca-store-clean/internal/repository/postgres	[no test files]
?   	github.com/sawadym-stack/barca-store-clean/internal/service	[no test files]
?   	github.com/sawadym-stack/barca-store-clean/internal/transport/http/dto	[no test files]
?   	github.com/sawadym-stack/barca-store-clean/internal/transport/http/handler	[no test files]
?   	github.com/sawadym-stack/barca-store-clean/internal/transport/http/router	[no test files]
FAIL	github.com/sawadym-stack/barca-store-clean/internal/usecase/cart [build failed]
FAIL	github.com/sawadym-stack/barca-store-clean/internal/usecase/product [build failed]
FAIL	github.com/sawadym-stack/barca-store-clean/internal/usecase/user [build failed]
?   	github.com/sawadym-stack/barca-store-clean/pkg/config	[no test files]
?   	github.com/sawadym-stack/barca-store-clean/pkg/db	[no test files]
?   	github.com/sawadym-stack/barca-store-clean/pkg/jwt	[no test files]
?   	github.com/sawadym-stack/barca-store-clean/utils/response	[no test files]
FAIL
